ASxxxx Linker V02.00 + NoICE + sdld,  page 1.
Hexadecimal

Area                               Addr   Size   Decimal Bytes (Attributes)
--------------------------------   ----   ----   ------- ----- ------------
CABS                               0000   0000 =      0. bytes (ABS,CON,CODE)

      Value  Global                              Global Defined In Module
      -----  ---------------------------------   ------------------------
       0C:  FFFFFF00  s_BSEG                           
       0C:  0000  l_BIT_BANK                       
       0C:  0000  l_BSEG                           
       0C:  0000  l_BSEG_BYTES                     
       0C:  0000  l_CABS                           
       0C:  0000  l_CONST                          
       0C:  0000  l_GSINIT                         
       0C:  0000  l_GSINIT1                        
       0C:  0000  l_GSINIT5                        
       0C:  0000  l_IABS                           
       0C:  0000  l_ISEG                           
       0C:  0000  l_OSEG                           
       0C:  0000  l_PSEG                           
       0C:  0000  l_REG_BANK_1                     
       0C:  0000  l_REG_BANK_2                     
       0C:  0000  l_REG_BANK_3                     
       0C:  0000  l_RSEG                           
       0C:  0000  l_RSEG0                          
       0C:  0000  l_RSEG1                          
       0C:  0000  l_XABS                           
       0C:  0000  l_XINIT                          
       0C:  0000  l_XISEG                          
       0C:  0000  l_XSEG                           
       0C:  0000  l__CODE                          
       0C:  0000  s_BSEG_BYTES                     
       0C:  0000  s_CABS                           
       0C:  0000  s_DSEG                           
       0C:  0000  s_HOME                           
       0C:  0000  s_IABS                           
       0C:  0000  s_ISEG                           
       0C:  0000  s_PSEG                           
       0C:  0000  s_REG_BANK_0                     
       0C:  0000  s_RSEG                           
       0C:  0000  s_RSEG0                          
       0C:  0000  s_RSEG1                          
       0C:  0000  s_XABS                           
       0C:  0000  s_XISEG                          
       0C:  0000  s_XSEG                           
       0C:  0003  l_GSFINAL                        
       0C:  0003  l_GSINIT0                        
       0C:  0008  l_HOME                           
       0C:  0008  l_REG_BANK_0                     
       0C:  0008  s_GSINIT0                        
       0C:  0008  s_REG_BANK_1                     
       0C:  0008  s_SSEG                           
       0C:  000A  l_GSINIT2                        
       0C:  000B  s_GSINIT1                        
       0C:  000B  s_GSINIT2                        
       0C:  0010  s_REG_BANK_2                     
       0C:  0015  s_GSINIT3                        
ASxxxx Linker V02.00 + NoICE + sdld,  page 2.
Hexadecimal

Area                               Addr   Size   Decimal Bytes (Attributes)
--------------------------------   ----   ----   ------- ----- ------------
CABS                               0000   0000 =      0. bytes (ABS,CON,CODE)

      Value  Global                              Global Defined In Module
      -----  ---------------------------------   ------------------------
       0C:  0018  s_BIT_BANK                       
       0C:  0018  s_OSEG                           
       0C:  0018  s_REG_BANK_3                     
       0C:  0020  s__CODE                          
       0C:  0022  l_GSINIT3                        
       0C:  002A  l_GSINIT4                        
       0C:  0037  s_GSINIT4                        
       0C:  0061  s_GSFINAL                        
       0C:  0061  s_GSINIT                         
       0C:  0061  s_GSINIT5                        
       0C:  0064  s_CSEG                           
       0C:  0080  l_DSEG                           
       0C:  00A8  l_CSEG                           
       0C:  00F8  l_SSEG                           
       0C:  0100  l_IRAM                           
       0C:  010C  s_CONST                          
       0C:  010C  s_XINIT                          

ASxxxx Linker V02.00 + NoICE + sdld,  page 3.
Hexadecimal

Area                               Addr   Size   Decimal Bytes (Attributes)
--------------------------------   ----   ----   ------- ----- ------------
XABS                               0000   0000 =      0. bytes (ABS,CON,XDATA)

      Value  Global                              Global Defined In Module
      -----  ---------------------------------   ------------------------
ASxxxx Linker V02.00 + NoICE + sdld,  page 4.
Hexadecimal

Area                               Addr   Size   Decimal Bytes (Attributes)
--------------------------------   ----   ----   ------- ----- ------------
IABS                               0000   0000 =      0. bytes (ABS,CON)

      Value  Global                              Global Defined In Module
      -----  ---------------------------------   ------------------------
ASxxxx Linker V02.00 + NoICE + sdld,  page 5.
Hexadecimal

Area                               Addr   Size   Decimal Bytes (Attributes)
--------------------------------   ----   ----   ------- ----- ------------
RSEG1                              0000   0000 =      0. bytes (ABS,CON)

      Value  Global                              Global Defined In Module
      -----  ---------------------------------   ------------------------
ASxxxx Linker V02.00 + NoICE + sdld,  page 6.
Hexadecimal

Area                               Addr   Size   Decimal Bytes (Attributes)
--------------------------------   ----   ----   ------- ----- ------------
RSEG0                              0000   0000 =      0. bytes (ABS,CON)

      Value  Global                              Global Defined In Module
      -----  ---------------------------------   ------------------------
ASxxxx Linker V02.00 + NoICE + sdld,  page 7.
Hexadecimal

Area                               Addr   Size   Decimal Bytes (Attributes)
--------------------------------   ----   ----   ------- ----- ------------
RSEG                               0000   0000 =      0. bytes (ABS,CON)

      Value  Global                              Global Defined In Module
      -----  ---------------------------------   ------------------------
ASxxxx Linker V02.00 + NoICE + sdld,  page 8.
Hexadecimal

Area                               Addr   Size   Decimal Bytes (Attributes)
--------------------------------   ----   ----   ------- ----- ------------
.	.ABS.                            0000   0000 =      0. bytes (ABS,CON)

      Value  Global                              Global Defined In Module
      -----  ---------------------------------   ------------------------
            0000  .__.ABS.                         
            0080  G$P0$0$0                         
            0080  G$P0_0$0$0                       
            0080  _P0                              
            0080  _P0_0                            
            0081  G$P0_1$0$0                       
            0081  G$SP$0$0                         
            0081  _P0_1                            
            0081  _SP                              
            0082  G$DPL$0$0                        
            0082  G$P0_2$0$0                       
            0082  _DPL                             
            0082  _P0_2                            
            0083  G$DPH$0$0                        
            0083  G$P0_3$0$0                       
            0083  _DPH                             
            0083  _P0_3                            
            0084  G$P0_4$0$0                       
            0084  _P0_4                            
            0085  G$P0_5$0$0                       
            0085  _P0_5                            
            0086  G$P0_6$0$0                       
            0086  _P0_6                            
            0087  G$P0_7$0$0                       
            0087  G$PCON$0$0                       
            0087  _P0_7                            
            0087  _PCON                            
            0088  G$IT0$0$0                        
            0088  G$TCON$0$0                       
            0088  _IT0                             
            0088  _TCON                            
            0089  G$IE0$0$0                        
            0089  G$TMOD$0$0                       
            0089  _IE0                             
            0089  _TMOD                            
            008A  G$IT1$0$0                        
            008A  G$TL0$0$0                        
            008A  _IT1                             
            008A  _TL0                             
            008B  G$IE1$0$0                        
            008B  G$TL1$0$0                        
            008B  _IE1                             
            008B  _TL1                             
            008C  G$TH0$0$0                        
            008C  G$TR0$0$0                        
            008C  _TH0                             
            008C  _TR0                             
            008D  G$TF0$0$0                        
            008D  G$TH1$0$0                        
            008D  _TF0                             
ASxxxx Linker V02.00 + NoICE + sdld,  page 9.
Hexadecimal

Area                               Addr   Size   Decimal Bytes (Attributes)
--------------------------------   ----   ----   ------- ----- ------------
.	.ABS.                            0000   0000 =      0. bytes (ABS,CON)

      Value  Global                              Global Defined In Module
      -----  ---------------------------------   ------------------------
            008D  _TH1                             
            008E  G$TR1$0$0                        
            008E  _TR1                             
            008F  G$TF1$0$0                        
            008F  _TF1                             
            0090  G$P1$0$0                         
            0090  G$P1_0$0$0                       
            0090  G$T2$0$0                         
            0090  _P1                              
            0090  _P1_0                            
            0090  _T2                              
            0091  G$P1_1$0$0                       
            0091  G$T2EX$0$0                       
            0091  _P1_1                            
            0091  _T2EX                            
            0092  G$P1_2$0$0                       
            0092  _P1_2                            
            0093  G$P1_3$0$0                       
            0093  _P1_3                            
            0094  G$P1_4$0$0                       
            0094  _P1_4                            
            0095  G$P1_5$0$0                       
            0095  _P1_5                            
            0096  G$P1_6$0$0                       
            0096  _P1_6                            
            0097  G$P1_7$0$0                       
            0097  _P1_7                            
            0098  G$RI$0$0                         
            0098  G$SCON$0$0                       
            0098  _RI                              
            0098  _SCON                            
            0099  G$SBUF$0$0                       
            0099  G$TI$0$0                         
            0099  _SBUF                            
            0099  _TI                              
            009A  G$RB8$0$0                        
            009A  _RB8                             
            009B  G$TB8$0$0                        
            009B  _TB8                             
            009C  G$REN$0$0                        
            009C  _REN                             
            009D  G$SM2$0$0                        
            009D  _SM2                             
            009E  G$SM1$0$0                        
            009E  _SM1                             
            009F  G$SM0$0$0                        
            009F  _SM0                             
            00A0  G$P2$0$0                         
            00A0  G$P2_0$0$0                       
            00A0  _P2                              
            00A0  _P2_0                            
ASxxxx Linker V02.00 + NoICE + sdld,  page 10.
Hexadecimal

Area                               Addr   Size   Decimal Bytes (Attributes)
--------------------------------   ----   ----   ------- ----- ------------
.	.ABS.                            0000   0000 =      0. bytes (ABS,CON)

      Value  Global                              Global Defined In Module
      -----  ---------------------------------   ------------------------
            00A0  __XPAGE                          
            00A1  G$P2_1$0$0                       
            00A1  _P2_1                            
            00A2  G$P2_2$0$0                       
            00A2  _P2_2                            
            00A3  G$P2_3$0$0                       
            00A3  _P2_3                            
            00A4  G$P2_4$0$0                       
            00A4  _P2_4                            
            00A5  G$P2_5$0$0                       
            00A5  _P2_5                            
            00A6  G$P2_6$0$0                       
            00A6  _P2_6                            
            00A7  G$P2_7$0$0                       
            00A7  _P2_7                            
            00A8  G$EX0$0$0                        
            00A8  G$IE$0$0                         
            00A8  _EX0                             
            00A8  _IE                              
            00A9  G$ET0$0$0                        
            00A9  _ET0                             
            00AA  G$EX1$0$0                        
            00AA  _EX1                             
            00AB  G$ET1$0$0                        
            00AB  _ET1                             
            00AC  G$ES$0$0                         
            00AC  _ES                              
            00AD  G$ET2$0$0                        
            00AD  _ET2                             
            00AF  G$EA$0$0                         
            00AF  _EA                              
            00B0  G$P3$0$0                         
            00B0  G$P3_0$0$0                       
            00B0  G$RXD$0$0                        
            00B0  _P3                              
            00B0  _P3_0                            
            00B0  _RXD                             
            00B1  G$P3_1$0$0                       
            00B1  G$TXD$0$0                        
            00B1  _P3_1                            
            00B1  _TXD                             
            00B2  G$INT0$0$0                       
            00B2  G$P3_2$0$0                       
            00B2  _INT0                            
            00B2  _P3_2                            
            00B3  G$INT1$0$0                       
            00B3  G$P3_3$0$0                       
            00B3  _INT1                            
            00B3  _P3_3                            
            00B4  G$P3_4$0$0                       
            00B4  G$T0$0$0                         
ASxxxx Linker V02.00 + NoICE + sdld,  page 11.
Hexadecimal

Area                               Addr   Size   Decimal Bytes (Attributes)
--------------------------------   ----   ----   ------- ----- ------------
.	.ABS.                            0000   0000 =      0. bytes (ABS,CON)

      Value  Global                              Global Defined In Module
      -----  ---------------------------------   ------------------------
            00B4  _P3_4                            
            00B4  _T0                              
            00B5  G$P3_5$0$0                       
            00B5  G$T1$0$0                         
            00B5  _P3_5                            
            00B5  _T1                              
            00B6  G$P3_6$0$0                       
            00B6  G$WR$0$0                         
            00B6  _P3_6                            
            00B6  _WR                              
            00B7  G$P3_7$0$0                       
            00B7  G$RD$0$0                         
            00B7  _P3_7                            
            00B7  _RD                              
            00B8  G$IP$0$0                         
            00B8  G$PX0$0$0                        
            00B8  _IP                              
            00B8  _PX0                             
            00B9  G$PT0$0$0                        
            00B9  _PT0                             
            00BA  G$PX1$0$0                        
            00BA  _PX1                             
            00BB  G$PT1$0$0                        
            00BB  _PT1                             
            00BC  G$PS$0$0                         
            00BC  _PS                              
            00BD  G$PT2$0$0                        
            00BD  _PT2                             
            00C8  G$CP_RL2$0$0                     
            00C8  G$T2CON$0$0                      
            00C8  G$T2CON_0$0$0                    
            00C8  _CP_RL2                          
            00C8  _T2CON                           
            00C8  _T2CON_0                         
            00C9  G$C_T2$0$0                       
            00C9  G$T2CON_1$0$0                    
            00C9  G$T2MOD$0$0                      
            00C9  _C_T2                            
            00C9  _T2CON_1                         
            00C9  _T2MOD                           
            00CA  G$RCAP2L$0$0                     
            00CA  G$T2CON_2$0$0                    
            00CA  G$TR2$0$0                        
            00CA  _RCAP2L                          
            00CA  _T2CON_2                         
            00CA  _TR2                             
            00CB  G$EXEN2$0$0                      
            00CB  G$RCAP2H$0$0                     
            00CB  G$T2CON_3$0$0                    
            00CB  _EXEN2                           
            00CB  _RCAP2H                          
ASxxxx Linker V02.00 + NoICE + sdld,  page 12.
Hexadecimal

Area                               Addr   Size   Decimal Bytes (Attributes)
--------------------------------   ----   ----   ------- ----- ------------
.	.ABS.                            0000   0000 =      0. bytes (ABS,CON)

      Value  Global                              Global Defined In Module
      -----  ---------------------------------   ------------------------
            00CB  _T2CON_3                         
            00CC  G$T2CON_4$0$0                    
            00CC  G$TCLK$0$0                       
            00CC  G$TL2$0$0                        
            00CC  _T2CON_4                         
            00CC  _TCLK                            
            00CC  _TL2                             
            00CD  G$RCLK$0$0                       
            00CD  G$T2CON_5$0$0                    
            00CD  G$TH2$0$0                        
            00CD  _RCLK                            
            00CD  _T2CON_5                         
            00CD  _TH2                             
            00CE  G$EXF2$0$0                       
            00CE  G$T2CON_6$0$0                    
            00CE  _EXF2                            
            00CE  _T2CON_6                         
            00CF  G$T2CON_7$0$0                    
            00CF  G$TF2$0$0                        
            00CF  _T2CON_7                         
            00CF  _TF2                             
            00D0  G$P$0$0                          
            00D0  G$PSW$0$0                        
            00D0  _P                               
            00D0  _PSW                             
            00D1  G$FL$0$0                         
            00D1  _FL                              
            00D2  G$OV$0$0                         
            00D2  _OV                              
            00D3  G$RS0$0$0                        
            00D3  _RS0                             
            00D4  G$RS1$0$0                        
            00D4  _RS1                             
            00D5  G$F0$0$0                         
            00D5  _F0                              
            00D6  G$AC$0$0                         
            00D6  _AC                              
            00D7  G$CY$0$0                         
            00D7  _CY                              
            00E0  G$A$0$0                          
            00E0  G$ACC$0$0                        
            00E0  _A                               
            00E0  _ACC                             
            00F0  G$B$0$0                          
            00F0  _B                               
ASxxxx Linker V02.00 + NoICE + sdld,  page 13.
Hexadecimal

Area                               Addr   Size   Decimal Bytes (Attributes)
--------------------------------   ----   ----   ------- ----- ------------
BSEG_BYTES                         0000   0000 =      0. bytes (REL,CON)

      Value  Global                              Global Defined In Module
      -----  ---------------------------------   ------------------------
ASxxxx Linker V02.00 + NoICE + sdld,  page 14.
Hexadecimal

Area                               Addr   Size   Decimal Bytes (Attributes)
--------------------------------   ----   ----   ------- ----- ------------
_CODE                              0020   0000 =      0. bytes (REL,CON)

      Value  Global                              Global Defined In Module
      -----  ---------------------------------   ------------------------
ASxxxx Linker V02.00 + NoICE + sdld,  page 15.
Hexadecimal

Area                               Addr   Size   Decimal Bytes (Attributes)
--------------------------------   ----   ----   ------- ----- ------------
REG_BANK_0                         0000   0008 =      8. bytes (REL,OVR)

      Value  Global                              Global Defined In Module
      -----  ---------------------------------   ------------------------
ASxxxx Linker V02.00 + NoICE + sdld,  page 16.
Hexadecimal

Area                               Addr   Size   Decimal Bytes (Attributes)
--------------------------------   ----   ----   ------- ----- ------------
REG_BANK_1                         0008   0000 =      0. bytes (REL,OVR)

      Value  Global                              Global Defined In Module
      -----  ---------------------------------   ------------------------
ASxxxx Linker V02.00 + NoICE + sdld,  page 17.
Hexadecimal

Area                               Addr   Size   Decimal Bytes (Attributes)
--------------------------------   ----   ----   ------- ----- ------------
REG_BANK_2                         0010   0000 =      0. bytes (REL,OVR)

      Value  Global                              Global Defined In Module
      -----  ---------------------------------   ------------------------
ASxxxx Linker V02.00 + NoICE + sdld,  page 18.
Hexadecimal

Area                               Addr   Size   Decimal Bytes (Attributes)
--------------------------------   ----   ----   ------- ----- ------------
REG_BANK_3                         0018   0000 =      0. bytes (REL,OVR)

      Value  Global                              Global Defined In Module
      -----  ---------------------------------   ------------------------
ASxxxx Linker V02.00 + NoICE + sdld,  page 19.
Hexadecimal

Area                               Addr   Size   Decimal Bytes (Attributes)
--------------------------------   ----   ----   ------- ----- ------------
BSEG                               FFFFFF00   0000 =      0. bytes (REL,CON,BIT)

      Value  Global                              Global Defined In Module
      -----  ---------------------------------   ------------------------
ASxxxx Linker V02.00 + NoICE + sdld,  page 20.
Hexadecimal

Area                               Addr   Size   Decimal Bytes (Attributes)
--------------------------------   ----   ----   ------- ----- ------------
BIT_BANK                           0018   0000 =      0. bytes (REL,OVR)

      Value  Global                              Global Defined In Module
      -----  ---------------------------------   ------------------------
ASxxxx Linker V02.00 + NoICE + sdld,  page 21.
Hexadecimal

Area                               Addr   Size   Decimal Bytes (Attributes)
--------------------------------   ----   ----   ------- ----- ------------
DSEG                               0000   0080 =    128. bytes (REL,CON)

      Value  Global                              Global Defined In Module
      -----  ---------------------------------   ------------------------
ASxxxx Linker V02.00 + NoICE + sdld,  page 22.
Hexadecimal

Area                               Addr   Size   Decimal Bytes (Attributes)
--------------------------------   ----   ----   ------- ----- ------------
OSEG                               0018   0000 =      0. bytes (REL,OVR)

      Value  Global                              Global Defined In Module
      -----  ---------------------------------   ------------------------
ASxxxx Linker V02.00 + NoICE + sdld,  page 23.
Hexadecimal

Area                               Addr   Size   Decimal Bytes (Attributes)
--------------------------------   ----   ----   ------- ----- ------------
ISEG                               0000   0000 =      0. bytes (REL,CON)

      Value  Global                              Global Defined In Module
      -----  ---------------------------------   ------------------------
ASxxxx Linker V02.00 + NoICE + sdld,  page 24.
Hexadecimal

Area                               Addr   Size   Decimal Bytes (Attributes)
--------------------------------   ----   ----   ------- ----- ------------
SSEG                               0008   00F8 =    248. bytes (REL,OVR)

      Value  Global                              Global Defined In Module
      -----  ---------------------------------   ------------------------
            0008  __start__stack                   

ASxxxx Linker V02.00 + NoICE + sdld,  page 25.
Hexadecimal

Area                               Addr   Size   Decimal Bytes (Attributes)
--------------------------------   ----   ----   ------- ----- ------------
PSEG                               0000   0000 =      0. bytes (REL,CON,PAG,XDATA)

      Value  Global                              Global Defined In Module
      -----  ---------------------------------   ------------------------
ASxxxx Linker V02.00 + NoICE + sdld,  page 26.
Hexadecimal

Area                               Addr   Size   Decimal Bytes (Attributes)
--------------------------------   ----   ----   ------- ----- ------------
XSEG                               0000   0000 =      0. bytes (REL,CON,XDATA)

      Value  Global                              Global Defined In Module
      -----  ---------------------------------   ------------------------
ASxxxx Linker V02.00 + NoICE + sdld,  page 27.
Hexadecimal

Area                               Addr   Size   Decimal Bytes (Attributes)
--------------------------------   ----   ----   ------- ----- ------------
XISEG                              0000   0000 =      0. bytes (REL,CON,XDATA)

      Value  Global                              Global Defined In Module
      -----  ---------------------------------   ------------------------
ASxxxx Linker V02.00 + NoICE + sdld,  page 28.
Hexadecimal

Area                               Addr   Size   Decimal Bytes (Attributes)
--------------------------------   ----   ----   ------- ----- ------------
HOME                               0000   0008 =      8. bytes (REL,CON,CODE)

      Value  Global                              Global Defined In Module
      -----  ---------------------------------   ------------------------
       0C:  0000  A$main$460                       
       0C:  0003  A$main$482                       
       0C:  0003  __sdcc_program_startup           
       0C:  0006  A$main$484                       
ASxxxx Linker V02.00 + NoICE + sdld,  page 29.
Hexadecimal

Area                               Addr   Size   Decimal Bytes (Attributes)
--------------------------------   ----   ----   ------- ----- ------------
GSINIT0                            0008   0003 =      3. bytes (REL,CON,CODE)

      Value  Global                              Global Defined In Module
      -----  ---------------------------------   ------------------------
       0C:  0008  __sdcc_gsinit_startup            

ASxxxx Linker V02.00 + NoICE + sdld,  page 30.
Hexadecimal

Area                               Addr   Size   Decimal Bytes (Attributes)
--------------------------------   ----   ----   ------- ----- ------------
GSINIT1                            000B   0000 =      0. bytes (REL,CON,CODE)

      Value  Global                              Global Defined In Module
      -----  ---------------------------------   ------------------------
ASxxxx Linker V02.00 + NoICE + sdld,  page 31.
Hexadecimal

Area                               Addr   Size   Decimal Bytes (Attributes)
--------------------------------   ----   ----   ------- ----- ------------
GSINIT2                            000B   000A =     10. bytes (REL,CON,CODE)

      Value  Global                              Global Defined In Module
      -----  ---------------------------------   ------------------------
ASxxxx Linker V02.00 + NoICE + sdld,  page 32.
Hexadecimal

Area                               Addr   Size   Decimal Bytes (Attributes)
--------------------------------   ----   ----   ------- ----- ------------
GSINIT3                            0015   0022 =     34. bytes (REL,CON,CODE)

      Value  Global                              Global Defined In Module
      -----  ---------------------------------   ------------------------
       0C:  0015  __mcs51_genXINIT                 

ASxxxx Linker V02.00 + NoICE + sdld,  page 33.
Hexadecimal

Area                               Addr   Size   Decimal Bytes (Attributes)
--------------------------------   ----   ----   ------- ----- ------------
GSINIT4                            0037   002A =     42. bytes (REL,CON,CODE)

      Value  Global                              Global Defined In Module
      -----  ---------------------------------   ------------------------
       0C:  0037  __mcs51_genRAMCLEAR              
       0C:  003D  __mcs51_genXRAMCLEAR             

ASxxxx Linker V02.00 + NoICE + sdld,  page 34.
Hexadecimal

Area                               Addr   Size   Decimal Bytes (Attributes)
--------------------------------   ----   ----   ------- ----- ------------
GSINIT5                            0061   0000 =      0. bytes (REL,CON,CODE)

      Value  Global                              Global Defined In Module
      -----  ---------------------------------   ------------------------
ASxxxx Linker V02.00 + NoICE + sdld,  page 35.
Hexadecimal

Area                               Addr   Size   Decimal Bytes (Attributes)
--------------------------------   ----   ----   ------- ----- ------------
GSINIT                             0061   0000 =      0. bytes (REL,CON,CODE)

      Value  Global                              Global Defined In Module
      -----  ---------------------------------   ------------------------
ASxxxx Linker V02.00 + NoICE + sdld,  page 36.
Hexadecimal

Area                               Addr   Size   Decimal Bytes (Attributes)
--------------------------------   ----   ----   ------- ----- ------------
GSFINAL                            0061   0003 =      3. bytes (REL,CON,CODE)

      Value  Global                              Global Defined In Module
      -----  ---------------------------------   ------------------------
       0C:  0061  A$main$475                       

ASxxxx Linker V02.00 + NoICE + sdld,  page 37.
Hexadecimal

Area                               Addr   Size   Decimal Bytes (Attributes)
--------------------------------   ----   ----   ------- ----- ------------
CSEG                               0064   00A8 =    168. bytes (REL,CON,CODE)

      Value  Global                              Global Defined In Module
      -----  ---------------------------------   ------------------------
       0C:  0064  A$main$510                       
       0C:  0064  C$main.c$5$0$0                   
       0C:  0064  C$main.c$7$1$1                   
       0C:  0064  G$Rled_Init$0$0                  
       0C:  0064  _Rled_Init                       
       0C:  0067  A$main$513                       
       0C:  0067  C$main.c$8$1$1                   
       0C:  0067  XG$Rled_Init$0$0                 
       0C:  0068  A$main$527                       
       0C:  0068  C$main.c$10$1$1                  
       0C:  0068  C$main.c$11$1$1                  
       0C:  0068  G$UART_Init$0$0                  
       0C:  0068  _UART_Init                       
       0C:  006B  A$main$530                       
       0C:  006B  C$main.c$12$1$1                  
       0C:  006E  A$main$533                       
       0C:  006E  C$main.c$13$1$1                  
       0C:  0071  A$main$536                       
       0C:  0071  C$main.c$14$1$1                  
       0C:  0074  A$main$539                       
       0C:  0074  C$main.c$15$1$1                  
       0C:  0076  A$main$542                       
       0C:  0076  C$main.c$16$1$1                  
       0C:  0078  A$main$545                       
       0C:  0078  C$main.c$17$1$1                  
       0C:  0078  XG$UART_Init$0$0                 
       0C:  0079  A$main$558                       
       0C:  0079  C$main.c$19$1$1                  
       0C:  0079  G$UART_Send$0$0                  
       0C:  0079  _UART_Send                       
       0C:  007B  A$main$564                       
       0C:  007B  C$main.c$20$1$1                  
       0C:  007B  C$main.c$21$1$1                  
       0C:  007E  A$main$565                       
       0C:  0080  A$main$569                       
       0C:  0080  C$main.c$22$1$1                  
       0C:  0082  A$main$572                       
       0C:  0082  C$main.c$23$1$1                  
       0C:  0082  XG$UART_Send$0$0                 
       0C:  0083  A$main$589                       
       0C:  0083  C$main.c$24$1$1                  
       0C:  0083  C$main.c$25$1$1                  
       0C:  0083  C$main.c$26$1$1                  
       0C:  0083  G$UART_Recv$0$0                  
       0C:  0083  _UART_Recv                       
       0C:  0086  A$main$590                       
       0C:  0088  A$main$594                       
       0C:  0088  C$main.c$27$1$1                  
       0C:  008B  A$main$597                       
       0C:  008B  C$main.c$28$1$1                  
ASxxxx Linker V02.00 + NoICE + sdld,  page 38.
Hexadecimal

Area                               Addr   Size   Decimal Bytes (Attributes)
--------------------------------   ----   ----   ------- ----- ------------
CSEG                               0064   00A8 =    168. bytes (REL,CON,CODE)

      Value  Global                              Global Defined In Module
      -----  ---------------------------------   ------------------------
       0C:  008B  XG$UART_Recv$0$0                 
       0C:  008C  A$main$615                       
       0C:  008C  C$main.c$30$1$1                  
       0C:  008C  C$main.c$31$1$1                  
       0C:  008C  G$main$0$0                       
       0C:  008C  _main                            
       0C:  008F  A$main$618                       
       0C:  008F  C$main.c$32$1$1                  
       0C:  0092  A$main$621                       
       0C:  0092  C$main.c$33$1$1                  
       0C:  0095  A$main$622                       
       0C:  0098  A$main$628                       
       0C:  0098  C$main.c$36$1$1                  
       0C:  0098  C$main.c$39$2$2                  
       0C:  009B  A$main$629                       
       0C:  009D  A$main$632                       
       0C:  009D  C$main.c$40$2$2                  
       0C:  009F  A$main$635                       
       0C:  009F  C$main.c$41$2$2                  
       0C:  00A1  A$main$636                       
       0C:  00A4  A$main$637                       
       0C:  00A6  A$main$640                       
       0C:  00A6  C$main.c$42$2$2                  
       0C:  00A8  A$main$643                       
       0C:  00A8  C$main.c$43$2$2                  
       0C:  00AA  A$main$644                       
       0C:  00AD  A$main$645                       
       0C:  00AF  A$main$646                       
       0C:  00B1  A$main$647                       
       0C:  00B3  A$main$650                       
       0C:  00B3  C$main.c$44$2$2                  
       0C:  00B5  A$main$653                       
       0C:  00B5  C$main.c$45$2$2                  
       0C:  00B8  A$main$654                       
       0C:  00BA  A$main$656                       
       0C:  00BD  A$main$657                       
       0C:  00BF  A$main$659                       
       0C:  00C2  A$main$660                       
       0C:  00C4  A$main$664                       
       0C:  00C4  C$main.c$46$3$3                  
       0C:  00C7  A$main$665                       
       0C:  00C9  A$main$669                       
       0C:  00C9  C$main.c$47$3$3                  
       0C:  00CA  A$main$670                       
       0C:  00CB  A$main$671                       
       0C:  00CC  A$main$676                       
       0C:  00CC  C$main.c$48$3$3                  
       0C:  00CC  C$main.c$49$3$3                  
       0C:  00CE  A$main$680                       
       0C:  00CE  C$main.c$50$3$3                  
       0C:  00CF  A$main$681                       
ASxxxx Linker V02.00 + NoICE + sdld,  page 39.
Hexadecimal

Area                               Addr   Size   Decimal Bytes (Attributes)
--------------------------------   ----   ----   ------- ----- ------------
CSEG                               0064   00A8 =    168. bytes (REL,CON,CODE)

      Value  Global                              Global Defined In Module
      -----  ---------------------------------   ------------------------
       0C:  00D0  A$main$682                       
       0C:  00D1  A$main$683                       
       0C:  00D2  A$main$688                       
       0C:  00D2  C$main.c$51$3$3                  
       0C:  00D2  C$main.c$52$3$3                  
       0C:  00D4  A$main$692                       
       0C:  00D4  C$main.c$53$3$3                  
       0C:  00D6  A$main$693                       
       0C:  00D7  A$main$694                       
       0C:  00D8  A$main$695                       
       0C:  00D9  A$main$700                       
       0C:  00D9  C$main.c$54$3$3                  
       0C:  00D9  C$main.c$55$3$3                  
       0C:  00DB  A$main$704                       
       0C:  00DB  C$main.c$56$3$3                  
       0C:  00DC  A$main$705                       
       0C:  00DE  A$main$708                       
       0C:  00DE  C$main.c$57$4$4                  
       0C:  00E0  A$main$709                       
       0C:  00E1  A$main$710                       
       0C:  00E4  A$main$711                       
       0C:  00E6  A$main$712                       
       0C:  00E7  A$main$713                       
       0C:  00E8  A$main$715                       
       0C:  00EA  A$main$716                       
       0C:  00EB  A$main$717                       
       0C:  00EE  A$main$718                       
       0C:  00F0  A$main$719                       
       0C:  00F1  A$main$720                       
       0C:  00F2  A$main$722                       
       0C:  00F3  A$main$723                       
       0C:  00F6  A$main$724                       
       0C:  00F7  A$main$725                       
       0C:  00F8  A$main$727                       
       0C:  00F9  A$main$728                       
       0C:  00FB  A$main$732                       
       0C:  00FB  C$main.c$60$4$5                  
       0C:  00FD  A$main$737                       
       0C:  00FD  C$main.c$62$3$3                  
       0C:  00FD  C$main.c$63$3$3                  
       0C:  00FF  A$main$741                       
       0C:  00FF  C$main.c$64$3$3                  
       0C:  0101  A$main$747                       
       0C:  0101  C$main.c$65$2$2                  
       0C:  0101  C$main.c$66$2$2                  
       0C:  0103  A$main$748                       
       0C:  0106  A$main$751                       
       0C:  0106  C$main.c$68$1$1                  
       0C:  0106  XG$main$0$0                      
       0C:  0108  __sdcc_external_startup          

ASxxxx Linker V02.00 + NoICE + sdld,  page 40.
Hexadecimal

Area                               Addr   Size   Decimal Bytes (Attributes)
--------------------------------   ----   ----   ------- ----- ------------
CONST                              010C   0000 =      0. bytes (REL,CON,CODE)

      Value  Global                              Global Defined In Module
      -----  ---------------------------------   ------------------------
ASxxxx Linker V02.00 + NoICE + sdld,  page 41.
Hexadecimal

Area                               Addr   Size   Decimal Bytes (Attributes)
--------------------------------   ----   ----   ------- ----- ------------
XINIT                              010C   0000 =      0. bytes (REL,CON,CODE)

      Value  Global                              Global Defined In Module
      -----  ---------------------------------   ------------------------
ASxxxx Linker V02.00 + NoICE + sdld,  page 42.

Files Linked                              [ module(s) ]

main.rel                                  [ 


Libraries Linked                          [ object file ]

C:\Program Files (x86)\SDCC\bin\..\lib\s  [ crtclear.rel ]
C:\Program Files (x86)\SDCC\bin\..\lib\s  [ crtxinit.rel ]
C:\Program Files (x86)\SDCC\bin\..\lib\s  [ crtxclear.rel ]
C:\Program Files (x86)\SDCC\bin\..\lib\s  [ crtpagesfr.rel ]
C:\Program Files (x86)\SDCC\bin\..\lib\s  [ crtstart.rel ]
C:\Program Files (x86)\SDCC\bin\..\lib\s  [ _startup.rel ]

ASxxxx Linker V02.00 + NoICE + sdld,  page 43.

User Base Address Definitions

HOME = 0x0000
ISEG = 0x0000
BSEG = 0x0000

